// Jest Snapshot v1, https://goo.gl/fbAQLP

exports[`<SearchInput /> test Should render input 1`] = `
<div
  className="ui centered grid"
>
  <div
    className="sixteen wide column"
  >
    <form
      action={undefined}
      className="ui form"
      onSubmit={[Function]}
    >
      <div
        className="ui action input"
      >
        <input
          disabled={undefined}
          onChange={[Function]}
          placeholder="Search"
          tabIndex={undefined}
          type="text"
          value=""
        />
        <button
          className="ui icon button"
          disabled={undefined}
          onClick={[Function]}
          role="button"
          tabIndex={undefined}
        >
          <i
            aria-hidden="true"
            className="search icon"
          />
        </button>
      </div>
    </form>
  </div>
</div>
`;
